2026-02-03 03:41:29,294 - INFO - 🎬 Watcher [v1-test-initial] started | Polling: /ffmpeg_media | Local: /Users/kapilh/ffmpeg/media | Fonts: 6 | Colors: 30 | Phrases: 40
2026-02-03 03:41:29,295 - DEBUG - 🔄 Starting copy check from /Users/kapilh/ffmpeg/media to /ffmpeg_media
2026-02-03 03:41:29,297 - DEBUG - 📁 Found local subdirs: ['Run4_test_v2', 'TestSlides', 'Run4', 'Run3', 'TestRename', 'TestRandom', 'Run4_test_v1', 'TestMusic1']
2026-02-03 03:41:29,944 - ERROR - 💥 Error copying local to Docker: Command '['docker', 'exec', 'ffmpeg_engine_main', 'mkdir', '-p', '/ffmpeg_media/Run4_test_v2']' returned non-zero exit status 126.
2026-02-03 03:41:29,946 - DEBUG - ⏱️ Copy step took 0.65s
2026-02-03 03:41:30,590 - DEBUG - 📁 Found subdirs: []
2026-02-03 03:41:30,591 - DEBUG - ⏸️ No subfolders found, waiting...
2026-02-03 03:41:32,595 - DEBUG - 🔄 Starting copy check from /Users/kapilh/ffmpeg/media to /ffmpeg_media
2026-02-03 03:41:32,596 - DEBUG - 📁 Found local subdirs: ['Run4_test_v2', 'TestSlides', 'Run4', 'Run3', 'TestRename', 'TestRandom', 'Run4_test_v1', 'TestMusic1']
2026-02-03 03:41:33,332 - ERROR - 💥 Error copying local to Docker: Command '['docker', 'exec', 'ffmpeg_engine_main', 'mkdir', '-p', '/ffmpeg_media/Run4_test_v2']' returned non-zero exit status 126.
2026-02-03 03:41:33,332 - DEBUG - ⏱️ Copy step took 0.74s
2026-02-03 03:41:33,967 - DEBUG - 📁 Found subdirs: []
2026-02-03 03:41:33,968 - DEBUG - ⏸️ No subfolders found, waiting...
2026-02-03 03:41:35,972 - DEBUG - 🔄 Starting copy check from /Users/kapilh/ffmpeg/media to /ffmpeg_media
2026-02-03 03:41:35,972 - DEBUG - 📁 Found local subdirs: ['Run4_test_v2', 'TestSlides', 'Run4', 'Run3', 'TestRename', 'TestRandom', 'Run4_test_v1', 'TestMusic1']
2026-02-03 03:41:37,348 - ERROR - 💥 Error copying local to Docker: Command '['docker', 'exec', 'ffmpeg_engine_main', 'mkdir', '-p', '/ffmpeg_media/Run4_test_v2']' returned non-zero exit status 126.
2026-02-03 03:41:37,348 - DEBUG - ⏱️ Copy step took 1.38s
2026-02-03 03:41:38,214 - DEBUG - 📁 Found subdirs: []
2026-02-03 03:41:38,215 - DEBUG - ⏸️ No subfolders found, waiting...
2026-02-03 03:41:40,220 - DEBUG - 🔄 Starting copy check from /Users/kapilh/ffmpeg/media to /ffmpeg_media
2026-02-03 03:41:40,222 - DEBUG - 📁 Found local subdirs: ['Run4_test_v2', 'TestSlides', 'Run4', 'Run3', 'TestRename', 'TestRandom', 'Run4_test_v1', 'TestMusic1']
2026-02-03 03:41:40,949 - ERROR - 💥 Error copying local to Docker: Command '['docker', 'exec', 'ffmpeg_engine_main', 'mkdir', '-p', '/ffmpeg_media/Run4_test_v2']' returned non-zero exit status 126.
2026-02-03 03:41:40,950 - DEBUG - ⏱️ Copy step took 0.73s
2026-02-03 03:41:41,626 - DEBUG - 📁 Found subdirs: []
2026-02-03 03:41:41,627 - DEBUG - ⏸️ No subfolders found, waiting...
2026-02-03 03:41:43,631 - DEBUG - 🔄 Starting copy check from /Users/kapilh/ffmpeg/media to /ffmpeg_media
2026-02-03 03:41:43,632 - DEBUG - 📁 Found local subdirs: ['Run4_test_v2', 'TestSlides', 'Run4', 'Run3', 'TestRename', 'TestRandom', 'Run4_test_v1', 'TestMusic1']
2026-02-03 03:41:44,309 - ERROR - 💥 Error copying local to Docker: Command '['docker', 'exec', 'ffmpeg_engine_main', 'mkdir', '-p', '/ffmpeg_media/Run4_test_v2']' returned non-zero exit status 126.
2026-02-03 03:41:44,310 - DEBUG - ⏱️ Copy step took 0.68s
2026-02-03 03:41:44,919 - DEBUG - 📁 Found subdirs: []
2026-02-03 03:41:44,920 - DEBUG - ⏸️ No subfolders found, waiting...
2026-02-03 03:41:46,923 - DEBUG - 🔄 Starting copy check from /Users/kapilh/ffmpeg/media to /ffmpeg_media
2026-02-03 03:41:46,925 - DEBUG - 📁 Found local subdirs: ['Run4_test_v2', 'TestSlides', 'Run4', 'Run3', 'TestRename', 'TestRandom', 'Run4_test_v1', 'TestMusic1']
2026-02-03 03:41:47,730 - ERROR - 💥 Error copying local to Docker: Command '['docker', 'exec', 'ffmpeg_engine_main', 'mkdir', '-p', '/ffmpeg_media/Run4_test_v2']' returned non-zero exit status 126.
2026-02-03 03:41:47,731 - DEBUG - ⏱️ Copy step took 0.81s
2026-02-03 03:41:48,446 - DEBUG - 📁 Found subdirs: []
2026-02-03 03:41:48,447 - DEBUG - ⏸️ No subfolders found, waiting...
2026-02-03 03:41:50,451 - DEBUG - 🔄 Starting copy check from /Users/kapilh/ffmpeg/media to /ffmpeg_media
2026-02-03 03:41:50,452 - DEBUG - 📁 Found local subdirs: ['Run4_test_v2', 'TestSlides', 'Run4', 'Run3', 'TestRename', 'TestRandom', 'Run4_test_v1', 'TestMusic1']
2026-02-03 03:41:51,318 - ERROR - 💥 Error copying local to Docker: Command '['docker', 'exec', 'ffmpeg_engine_main', 'mkdir', '-p', '/ffmpeg_media/Run4_test_v2']' returned non-zero exit status 126.
2026-02-03 03:41:51,318 - DEBUG - ⏱️ Copy step took 0.87s
2026-02-03 03:41:51,910 - DEBUG - 📁 Found subdirs: []
2026-02-03 03:41:51,910 - DEBUG - ⏸️ No subfolders found, waiting...
2026-02-03 03:41:53,911 - DEBUG - 🔄 Starting copy check from /Users/kapilh/ffmpeg/media to /ffmpeg_media
2026-02-03 03:41:53,916 - DEBUG - 📁 Found local subdirs: ['Run4_test_v2', 'TestSlides', 'Run4', 'Run3', 'TestRename', 'TestRandom', 'Run4_test_v1', 'TestMusic1']
2026-02-03 03:41:55,108 - ERROR - 💥 Error copying local to Docker: Command '['docker', 'exec', 'ffmpeg_engine_main', 'mkdir', '-p', '/ffmpeg_media/Run4_test_v2']' returned non-zero exit status 126.
2026-02-03 03:41:55,109 - DEBUG - ⏱️ Copy step took 1.20s
2026-02-03 03:41:56,265 - DEBUG - 📁 Found subdirs: []
2026-02-03 03:41:56,266 - DEBUG - ⏸️ No subfolders found, waiting...
2026-02-03 03:41:58,270 - DEBUG - 🔄 Starting copy check from /Users/kapilh/ffmpeg/media to /ffmpeg_media
2026-02-03 03:41:58,282 - DEBUG - 📁 Found local subdirs: ['Run4_test_v2', 'TestSlides', 'Run4', 'Run3', 'TestRename', 'TestRandom', 'Run4_test_v1', 'TestMusic1']
2026-02-03 03:41:58,903 - ERROR - 💥 Error copying local to Docker: Command '['docker', 'exec', 'ffmpeg_engine_main', 'mkdir', '-p', '/ffmpeg_media/Run4_test_v2']' returned non-zero exit status 126.
2026-02-03 03:41:58,904 - DEBUG - ⏱️ Copy step took 0.63s
2026-02-03 03:41:59,601 - DEBUG - 📁 Found subdirs: []
2026-02-03 03:41:59,602 - DEBUG - ⏸️ No subfolders found, waiting...
2026-02-03 03:42:01,607 - DEBUG - 🔄 Starting copy check from /Users/kapilh/ffmpeg/media to /ffmpeg_media
2026-02-03 03:42:01,607 - DEBUG - 📁 Found local subdirs: ['Run4_test_v2', 'TestSlides', 'Run4', 'Run3', 'TestRename', 'TestRandom', 'Run4_test_v1', 'TestMusic1']
2026-02-03 03:42:02,107 - ERROR - 💥 Error copying local to Docker: Command '['docker', 'exec', 'ffmpeg_engine_main', 'mkdir', '-p', '/ffmpeg_media/Run4_test_v2']' returned non-zero exit status 126.
2026-02-03 03:42:02,109 - DEBUG - ⏱️ Copy step took 0.50s
2026-02-03 03:42:02,825 - DEBUG - 📁 Found subdirs: []
2026-02-03 03:42:02,826 - DEBUG - ⏸️ No subfolders found, waiting...
2026-02-03 03:42:04,830 - DEBUG - 🔄 Starting copy check from /Users/kapilh/ffmpeg/media to /ffmpeg_media
2026-02-03 03:42:04,832 - DEBUG - 📁 Found local subdirs: ['Run4_test_v2', 'TestSlides', 'Run4', 'Run3', 'TestRename', 'TestRandom', 'Run4_test_v1', 'TestMusic1']
2026-02-03 03:42:06,229 - ERROR - 💥 Error copying local to Docker: Command '['docker', 'exec', 'ffmpeg_engine_main', 'mkdir', '-p', '/ffmpeg_media/Run4_test_v2']' returned non-zero exit status 126.
2026-02-03 03:42:06,229 - DEBUG - ⏱️ Copy step took 1.40s
2026-02-03 03:42:07,167 - DEBUG - 📁 Found subdirs: []
2026-02-03 03:42:07,169 - DEBUG - ⏸️ No subfolders found, waiting...
2026-02-03 03:42:09,175 - DEBUG - 🔄 Starting copy check from /Users/kapilh/ffmpeg/media to /ffmpeg_media
2026-02-03 03:42:09,178 - DEBUG - 📁 Found local subdirs: ['Run4_test_v2', 'TestSlides', 'Run4', 'Run3', 'TestRename', 'TestRandom', 'Run4_test_v1', 'TestMusic1']
2026-02-03 03:42:09,872 - ERROR - 💥 Error copying local to Docker: Command '['docker', 'exec', 'ffmpeg_engine_main', 'mkdir', '-p', '/ffmpeg_media/Run4_test_v2']' returned non-zero exit status 126.
2026-02-03 03:42:09,872 - DEBUG - ⏱️ Copy step took 0.70s
2026-02-03 03:42:10,411 - DEBUG - 📁 Found subdirs: []
2026-02-03 03:42:10,413 - DEBUG - ⏸️ No subfolders found, waiting...
2026-02-03 03:42:12,415 - DEBUG - 🔄 Starting copy check from /Users/kapilh/ffmpeg/media to /ffmpeg_media
2026-02-03 03:42:12,416 - DEBUG - 📁 Found local subdirs: ['Run4_test_v2', 'TestSlides', 'Run4', 'Run3', 'TestRename', 'TestRandom', 'Run4_test_v1', 'TestMusic1']
2026-02-03 03:42:12,821 - ERROR - 💥 Error copying local to Docker: Command '['docker', 'exec', 'ffmpeg_engine_main', 'mkdir', '-p', '/ffmpeg_media/Run4_test_v2']' returned non-zero exit status 126.
2026-02-03 03:42:12,822 - DEBUG - ⏱️ Copy step took 0.41s
2026-02-03 03:42:13,271 - DEBUG - 📁 Found subdirs: []
2026-02-03 03:42:13,271 - DEBUG - ⏸️ No subfolders found, waiting...
2026-02-03 03:42:15,277 - DEBUG - 🔄 Starting copy check from /Users/kapilh/ffmpeg/media to /ffmpeg_media
2026-02-03 03:42:15,279 - DEBUG - 📁 Found local subdirs: ['Run4_test_v2', 'TestSlides', 'Run4', 'Run3', 'TestRename', 'TestRandom', 'Run4_test_v1', 'TestMusic1']
2026-02-03 03:42:15,869 - ERROR - 💥 Error copying local to Docker: Command '['docker', 'exec', 'ffmpeg_engine_main', 'mkdir', '-p', '/ffmpeg_media/Run4_test_v2']' returned non-zero exit status 126.
2026-02-03 03:42:15,870 - DEBUG - ⏱️ Copy step took 0.59s
2026-02-03 03:42:16,493 - DEBUG - 📁 Found subdirs: []
2026-02-03 03:42:16,493 - DEBUG - ⏸️ No subfolders found, waiting...
2026-02-03 03:42:18,498 - DEBUG - 🔄 Starting copy check from /Users/kapilh/ffmpeg/media to /ffmpeg_media
2026-02-03 03:42:18,499 - DEBUG - 📁 Found local subdirs: ['Run4_test_v2', 'TestSlides', 'Run4', 'Run3', 'TestRename', 'TestRandom', 'Run4_test_v1', 'TestMusic1']
2026-02-03 03:42:19,006 - ERROR - 💥 Error copying local to Docker: Command '['docker', 'exec', 'ffmpeg_engine_main', 'mkdir', '-p', '/ffmpeg_media/Run4_test_v2']' returned non-zero exit status 126.
2026-02-03 03:42:19,007 - DEBUG - ⏱️ Copy step took 0.51s
2026-02-03 03:42:19,611 - DEBUG - 📁 Found subdirs: []
2026-02-03 03:42:19,613 - DEBUG - ⏸️ No subfolders found, waiting...
2026-02-03 03:42:21,615 - DEBUG - 🔄 Starting copy check from /Users/kapilh/ffmpeg/media to /ffmpeg_media
2026-02-03 03:42:21,619 - DEBUG - 📁 Found local subdirs: ['Run4_test_v2', 'TestSlides', 'Run4', 'Run3', 'TestRename', 'TestRandom', 'Run4_test_v1', 'TestMusic1']
2026-02-03 03:42:22,368 - ERROR - 💥 Error copying local to Docker: Command '['docker', 'exec', 'ffmpeg_engine_main', 'mkdir', '-p', '/ffmpeg_media/Run4_test_v2']' returned non-zero exit status 126.
2026-02-03 03:42:22,370 - DEBUG - ⏱️ Copy step took 0.76s
2026-02-03 03:42:23,334 - DEBUG - 📁 Found subdirs: []
2026-02-03 03:42:23,336 - DEBUG - ⏸️ No subfolders found, waiting...
2026-02-03 03:42:25,344 - DEBUG - 🔄 Starting copy check from /Users/kapilh/ffmpeg/media to /ffmpeg_media
2026-02-03 03:42:25,345 - DEBUG - 📁 Found local subdirs: ['Run4_test_v2', 'TestSlides', 'Run4', 'Run3', 'TestRename', 'TestRandom', 'Run4_test_v1', 'TestMusic1']
2026-02-03 03:42:26,190 - ERROR - 💥 Error copying local to Docker: Command '['docker', 'exec', 'ffmpeg_engine_main', 'mkdir', '-p', '/ffmpeg_media/Run4_test_v2']' returned non-zero exit status 126.
2026-02-03 03:42:26,191 - DEBUG - ⏱️ Copy step took 0.85s
2026-02-03 03:42:27,142 - DEBUG - 📁 Found subdirs: []
2026-02-03 03:42:27,143 - DEBUG - ⏸️ No subfolders found, waiting...
